// Jest Snapshot v1, https://goo.gl/fbAQLP

exports[`Profile Profile component should match the snapshot 1`] = `
<form
  className="Profile--form"
  onSubmit={[Function]}
>
  <h2
    className="Profile--h2"
  >
    Please complete your profile
  </h2>
  <div
    className="Profile--div"
  >
    <div
      className="Profile--div--flex"
    >
      <label
        htmlFor="name"
      >
        Name
        <span
          className="Profile--asterisk"
        >
          *
        </span>
      </label>
      <input
        className="Profile--input"
        name="name"
        onChange={[Function]}
        value="Hillary"
      />
      <label
        htmlFor="Pronouns"
      >
        Pronouns
      </label>
      <input
        className="Profile--input"
        label="Pronouns"
        maxLength="10"
        name="pronouns"
        onChange={[Function]}
        placeholder="e.g. she/her, he/him, they/them, etc."
        value=""
      />
      <label
        htmlFor="email"
      >
        Email
        <span
          className="Profile--asterisk"
        >
          *
        </span>
      </label>
      <input
        className="Profile--input"
        name="email"
        onChange={[Function]}
        value="Hill@gmail.com"
      />
      <label
        htmlFor="phoneNumber"
      >
        Phone Number
      </label>
      <div
        id="phone-number-error"
      />
      <input
        className="Profile--input"
        name="phoneNumber"
        onChange={[Function]}
        placeholder="e.g. 3031234567"
        value=""
      />
      <label
        htmlFor="slack"
      >
        Slack handle
        <span
          className="Profile--asterisk"
        >
          *
        </span>
      </label>
      <input
        className="Profile--input Profile--input-slack"
        name="slack"
        onChange={[Function]}
        placeholder="@"
        value=""
      />
    </div>
    <Dropdown
      className="Profile--Dropdown"
      handleChange={[Function]}
      label="Program"
      options={
        Array [
          "FE",
          "BE",
        ]
      }
      required={true}
      selectedItem=""
    />
    <Dropdown
      className="Profile--Dropdown"
      handleChange={[Function]}
      label="Module"
      options={
        Array [
          1,
          2,
          3,
          4,
          "Graduate",
        ]
      }
      required={true}
      selectedItem=""
    />
    <h4>
      Provide skills you can help others with
    </h4>
    <Dropdown
      className="Profile--Dropdown"
      handleChange={[Function]}
      label="Skill 1"
      options={
        Array [
          "grid",
          "flexbox",
          "mythical creatures",
          "react",
          "jsFun",
          "rspec",
          "rails",
          "ruby",
          "jest/enzyme",
          "docker",
          "lightning talks",
          "javascript",
          "css",
          "active record",
          "SQL",
          "sinatra",
        ]
      }
      selectedItem=""
    />
    <Dropdown
      className="Profile--Dropdown"
      handleChange={[Function]}
      label="Skill 2"
      options={
        Array [
          "grid",
          "flexbox",
          "mythical creatures",
          "react",
          "jsFun",
          "rspec",
          "rails",
          "ruby",
          "jest/enzyme",
          "docker",
          "lightning talks",
          "javascript",
          "css",
          "active record",
          "SQL",
          "sinatra",
        ]
      }
      selectedItem=""
    />
    <div
      className="Profile--div--flex"
    >
      <label
        htmlFor="Skill 3"
      >
        Skill 3
      </label>
      <input
        className="Profile--input"
        maxLength="20"
        name="Skill 3"
        onChange={[Function]}
        placeholder="Additional skill - max 20 characters"
        value=""
      />
    </div>
  </div>
  <p
    className="Profile--message"
  />
  <button
    className="Profile--button"
    disabled={true}
  >
    Submit
  </button>
</form>
`;
